// Jest Snapshot v1, https://goo.gl/fbAQLP

exports[`renders correctly 1`] = `
<div
  className="order-item"
>
  <p>
     Ã— 
  </p>
  <p>
    NaN
    $
  </p>
</div>
`;
