// Jest Snapshot v1, https://goo.gl/fbAQLP

exports[`renders correctly 1`] = `
<footer>
  <div
    className="footer-gap"
  />
  <div
    className="footer-content"
  >
    <div
      className="footer--links-container"
    >
      <a
        href="/#"
      >
        Help
      </a>
      <a
        href="/#"
      >
        FAQ
      </a>
      <a
        href="/#"
      >
        Cookies
      </a>
      <a
        href="/#"
      >
        Contact
      </a>
      <a
        href="/#"
      >
        Facebook
      </a>
      <a
        href="/#"
      >
        Log in
      </a>
      <a
        href="/#"
      >
        Sign up
      </a>
    </div>
    <p>
      Â© SzopDelivery 2022
    </p>
  </div>
</footer>
`;
