// Jest Snapshot v1, https://goo.gl/fbAQLP

exports[`renders correctly 1`] = `
<div
  className="products-list"
>
  <div
    className="products-list--items"
  />
</div>
`;
